Rc files read:
  /etc/LatexMk
Latexmk: This is Latexmk, John Collins, 31 Jan. 2024. Version 4.83.
Latexmk: applying rule 'pdflatex'...
Rule 'pdflatex':  Reasons for rerun
Category 'no_dest':
  pdflatex

------------
Run number 1 of rule 'pdflatex'
------------
------------
Running 'pdflatex  -interaction=nonstopmode -halt-on-error -file-line-error -recorder -output-directory=".hxp_build_QToM"  "/home/kjw1028/Documents/Workspace/Project/LaTeX/QToM/QToM.tex"'
------------
This is pdfTeX, Version 3.141592653-2.6-1.40.25 (TeX Live 2023/Debian) (preloaded format=pdflatex)
 restricted \write18 enabled.
entering extended mode
(/home/kjw1028/Documents/Workspace/Project/LaTeX/QToM/QToM.tex
LaTeX2e <2023-11-01> patch level 1
L3 programming layer <2024-01-22>
(/usr/share/texlive/texmf-dist/tex/latex/base/article.cls
Document Class: article 2023/05/17 v1.4n Standard LaTeX document class
(/usr/share/texlive/texmf-dist/tex/latex/base/size10.clo))
(/usr/share/texlive/texmf-dist/tex/latex/graphics/graphicx.sty
(/usr/share/texlive/texmf-dist/tex/latex/graphics/keyval.sty)
(/usr/share/texlive/texmf-dist/tex/latex/graphics/graphics.sty
(/usr/share/texlive/texmf-dist/tex/latex/graphics/trig.sty)
(/usr/share/texlive/texmf-dist/tex/latex/graphics-cfg/graphics.cfg)
(/usr/share/texlive/texmf-dist/tex/latex/graphics-def/pdftex.def)))
(/usr/share/texlive/texmf-dist/tex/latex/amsmath/amsmath.sty
For additional information on amsmath, use the `?' option.
(/usr/share/texlive/texmf-dist/tex/latex/amsmath/amstext.sty
(/usr/share/texlive/texmf-dist/tex/latex/amsmath/amsgen.sty))
(/usr/share/texlive/texmf-dist/tex/latex/amsmath/amsbsy.sty)
(/usr/share/texlive/texmf-dist/tex/latex/amsmath/amsopn.sty))
(/usr/share/texlive/texmf-dist/tex/latex/cjk-ko/kotex.sty
(/usr/share/texlive/texmf-dist/tex/latex/kotex-utf/kotex.cfg)
(/usr/share/texlive/texmf-dist/tex/latex/kotex-utf/kotexutf.sty
(/usr/share/texlive/texmf-dist/tex/latex/base/inputenc.sty)
(/usr/share/texlive/texmf-dist/tex/plain/kotex-plain/kotexutf-core.tex)
(/usr/share/texlive/texmf-dist/tex/latex/kotex-utf/lucenc.dfu)
(/usr/share/texlive/texmf-dist/tex/latex/cjk-ko/kolabels-utf.sty)))
(/usr/share/texlive/texmf-dist/tex/latex/moresize/moresize.sty)
(/usr/share/texlive/texmf-dist/tex/latex/l3backend/l3backend-pdftex.def)
(.hxp_build_QToM/QToM.aux)
(/usr/share/texlive/texmf-dist/tex/latex/nanumtype1/lucnanummj.fd)
(/usr/share/texlive/texmf-dist/tex/context/base/mkii/supp-pdf.mkii
[Loading MPS to PDF converter (version 2006.09.02).]
) (/usr/share/texlive/texmf-dist/tex/latex/epstopdf-pkg/epstopdf-base.sty
(/usr/share/texlive/texmf-dist/tex/latex/latexconfig/epstopdf-sys.cfg))
Underfull \hbox (badness 10000) in paragraph at lines 15--34


Underfull \hbox (badness 10000) in paragraph at lines 15--34


Underfull \hbox (badness 10000) in paragraph at lines 15--34


Underfull \hbox (badness 10000) in paragraph at lines 15--34


Underfull \hbox (badness 10000) in paragraph at lines 15--34


Underfull \hbox (badness 10000) in paragraph at lines 15--34


Underfull \hbox (badness 10000) in paragraph at lines 15--34


Underfull \hbox (badness 10000) in paragraph at lines 15--34


Underfull \hbox (badness 10000) in paragraph at lines 15--34


Underfull \hbox (badness 10000) in paragraph at lines 15--34

[1{/var/lib/texmf/fonts/map/pdftex/updmap/pdftex.map}] [2] [3] [4] [5] [6]
[7] [8] [9] [10]
Underfull \hbox (badness 10000) in paragraph at lines 300--303

[11]
Overfull \hbox (4.11101pt too wide) in paragraph at lines 322--324
\OT1/cmr/m/n/10 This comes from the or-thog-o-nal-ity of $\OML/cmm/m/it/10  []\
OT1/cmr/m/n/10 (\OT1/cmr/bx/n/10 r\OT1/cmr/m/n/10 )$ it-self. Also, the def-i-n
i-tion of $\OML/cmm/m/it/10 w[]\OT1/cmr/m/n/10 ([])$
[12] [13] [14]
Overfull \hbox (6.28091pt too wide) in paragraph at lines 386--389
\OT1/cmr/m/n/10 Pauli's ex-clu-sion prin-ci-ple re-quires many elec-tron wave f
unc-tion to be $	([]\OML/cmm/m/it/10 ; [] []\OT1/cmr/m/n/10 )$

Overfull \hbox (0.38057pt too wide) in paragraph at lines 407--413
\OT1/cmr/m/n/10 Density term $\OML/cmm/m/it/10 n\OT1/cmr/m/n/10 (\OT1/cmr/bx/n/
10 r\OT1/cmr/m/n/10 )$ in the Hartree equa-tion has been trans-formed to $[][] 
\OMS/cmsy/m/n/10 j\OML/cmm/m/it/10  []\OT1/cmr/m/n/10 (\OT1/cmr/bx/n/10 r\OT1/c
mr/m/n/10 )\OMS/cmsy/m/n/10 j[]$
[15]
Underfull \hbox (badness 10000) in paragraph at lines 415--418


Underfull \hbox (badness 10000) in paragraph at lines 419--420

[16] [17{/usr/share/texmf/fonts/enc/dvips/cm-super/cm-super-ts1.enc} <./corres.
png>] [18] [19 <./flow.png>] [20] [21] [22] [23] [24] [25] [26] [27] [28]
[29] (.hxp_build_QToM/QToM.aux) )
(see the transcript file for additional information)</usr/share/texlive/texmf-d
ist/fonts/type1/public/amsfonts/cm/cmbx10.pfb></usr/share/texlive/texmf-dist/fo
nts/type1/public/amsfonts/cm/cmbx12.pfb></usr/share/texlive/texmf-dist/fonts/ty
pe1/public/amsfonts/cm/cmbx7.pfb></usr/share/texlive/texmf-dist/fonts/type1/pub
lic/amsfonts/cm/cmex10.pfb></usr/share/texlive/texmf-dist/fonts/type1/public/am
sfonts/cm/cmmi10.pfb></usr/share/texlive/texmf-dist/fonts/type1/public/amsfonts
/cm/cmmi12.pfb></usr/share/texlive/texmf-dist/fonts/type1/public/amsfonts/cm/cm
mi5.pfb></usr/share/texlive/texmf-dist/fonts/type1/public/amsfonts/cm/cmmi7.pfb
></usr/share/texlive/texmf-dist/fonts/type1/public/amsfonts/cm/cmmi8.pfb></usr/
share/texlive/texmf-dist/fonts/type1/public/amsfonts/cm/cmr10.pfb></usr/share/t
exlive/texmf-dist/fonts/type1/public/amsfonts/cm/cmr12.pfb></usr/share/texlive/
texmf-dist/fonts/type1/public/amsfonts/cm/cmr17.pfb></usr/share/texlive/texmf-d
ist/fonts/type1/public/amsfonts/cm/cmr5.pfb></usr/share/texlive/texmf-dist/font
s/type1/public/amsfonts/cm/cmr7.pfb></usr/share/texlive/texmf-dist/fonts/type1/
public/amsfonts/cm/cmsy10.pfb></usr/share/texlive/texmf-dist/fonts/type1/public
/amsfonts/cm/cmsy5.pfb></usr/share/texlive/texmf-dist/fonts/type1/public/amsfon
ts/cm/cmsy7.pfb></usr/share/texlive/texmf-dist/fonts/type1/public/amsfonts/cm/c
mti10.pfb></usr/share/texlive/texmf-dist/fonts/type1/public/nanumtype1/nanummjm
ad.pfb></usr/share/texlive/texmf-dist/fonts/type1/public/nanumtype1/nanummjmc6.
pfb></usr/share/texlive/texmf-dist/fonts/type1/public/nanumtype1/nanummjmc8.pfb
></usr/share/texmf/fonts/type1/public/cm-super/sfrm1000.pfb>
Output written on .hxp_build_QToM/QToM.pdf (29 pages, 462290 bytes).
Transcript written on .hxp_build_QToM/QToM.log.
Latexmk: Getting log file '.hxp_build_QToM/QToM.log'
Latexmk: Examining '.hxp_build_QToM/QToM.fls'
Latexmk: Examining '.hxp_build_QToM/QToM.log'
Latexmk: Log file says output to '.hxp_build_QToM/QToM.pdf'
Latexmk: All targets (.hxp_build_QToM/QToM.pdf) are up-to-date

